<html>
<body>
<pre>
<h1>µVision Build Log</h1>
<h2>Project:</h2>
C:\Users\Pawel\Desktop\PPO_AGH\1\ppo.uvproj
Project File Date:  03/30/2023

<h2>Output:</h2>
Rebuild target 'Target 1'
assembling Startup.s...
compiling main.cpp...
main.cpp(17): error:  #135: class "Led" has no member "Init"
compiling led.cpp...
led.cpp(11): error:  #135: class "Led" has no member "Led"
compiling keyboard.cpp...
compiling stepper.cpp...
".\ppo.axf" - 2 Errors, 0 Warning(s).
Target not created
Rebuild target 'Target 1'
assembling Startup.s...
compiling main.cpp...
main.cpp(17): error:  #135: class "Led" has no member "Init"
compiling led.cpp...
led.cpp(11): error:  #135: class "Led" has no member "Led"
compiling keyboard.cpp...
compiling stepper.cpp...
".\ppo.axf" - 2 Errors, 0 Warning(s).
Target not created
Rebuild target 'Target 1'
assembling Startup.s...
compiling main.cpp...
main.cpp(17): error:  #135: class "Led" has no member "Init"
compiling led.cpp...
led.cpp(11): error:  #135: class "Led" has no member "Led"
compiling keyboard.cpp...
compiling stepper.cpp...
".\ppo.axf" - 2 Errors, 0 Warning(s).
Target not created
Rebuild target 'Target 1'
assembling Startup.s...
compiling main.cpp...
main.cpp(17): error:  #135: class "Led" has no member "Init"
compiling led.cpp...
compiling keyboard.cpp...
compiling stepper.cpp...
".\ppo.axf" - 1 Errors, 0 Warning(s).
Target not created
Rebuild target 'Target 1'
assembling Startup.s...
compiling main.cpp...
main.cpp(16): error:  #20: identifier "s" is undefined
main.cpp(17): error:  #65: expected a ";"
main.cpp(21): warning:  #12-D: parsing restarts here after previous syntax error
compiling led.cpp...
compiling keyboard.cpp...
compiling stepper.cpp...
".\ppo.axf" - 2 Errors, 1 Warning(s).
Target not created
Rebuild target 'Target 1'
assembling Startup.s...
compiling main.cpp...
compiling led.cpp...
compiling keyboard.cpp...
compiling stepper.cpp...
linking...
Program Size: Code=924 RO-data=36 RW-data=4 ZI-data=1260  
".\ppo.axf" - 0 Errors, 0 Warning(s).
Rebuild target 'Target 1'
assembling Startup.s...
compiling main.cpp...
compiling led.cpp...
compiling keyboard.cpp...
compiling stepper.cpp...
linking...
Program Size: Code=920 RO-data=36 RW-data=4 ZI-data=1260  
".\ppo.axf" - 0 Errors, 0 Warning(s).
Rebuild target 'Target 1'
assembling Startup.s...
compiling main.cpp...
compiling led.cpp...
compiling keyboard.cpp...
compiling stepper.cpp...
linking...
Program Size: Code=924 RO-data=36 RW-data=4 ZI-data=1260  
".\ppo.axf" - 0 Errors, 0 Warning(s).
Rebuild target 'Target 1'
assembling Startup.s...
compiling main.cpp...
compiling led.cpp...
compiling keyboard.cpp...
compiling stepper.cpp...
linking...
Program Size: Code=920 RO-data=36 RW-data=4 ZI-data=1260  
".\ppo.axf" - 0 Errors, 0 Warning(s).
Rebuild target 'Target 1'
assembling Startup.s...
compiling main.cpp...
compiling led.cpp...
compiling keyboard.cpp...
compiling stepper.cpp...
linking...
Program Size: Code=920 RO-data=36 RW-data=4 ZI-data=1260  
".\ppo.axf" - 0 Errors, 0 Warning(s).
