<html>
<body>
<pre>
<h1>µVision Build Log</h1>
<h2>Project:</h2>
C:\Users\Pawel\Desktop\ZiebaPawel2\2\ppo.uvproj
Project File Date:  04/12/2023

<h2>Output:</h2>
Rebuild target 'Target 1'
assembling Startup.s...
compiling led.cpp...
led.cpp(39): error:  #70: incomplete type is not allowed
led.cpp(40): error:  #20: identifier "LEFT" is undefined
led.cpp(43): error:  #20: identifier "RIGHT" is undefined
led.cpp(51): error:  #20: identifier "LEFT" is undefined
led.cpp(55): error:  #20: identifier "RIGHT" is undefined
compiling main.cpp...
".\ppo.axf" - 5 Errors, 0 Warning(s).
Target not created
Rebuild target 'Target 1'
assembling Startup.s...
compiling led.cpp...
compiling main.cpp...
linking...
Program Size: Code=816 RO-data=16 RW-data=0 ZI-data=1256  
".\ppo.axf" - 0 Errors, 0 Warning(s).
