<html>
<body>
<pre>
<h1>µVision Build Log</h1>
<h2>Project:</h2>
C:\Users\Pawel\Desktop\PPO_AGH\1\ppo.uvproj
Project File Date:  04/11/2023

<h2>Output:</h2>
Rebuild target 'Target 1'
assembling Startup.s...
compiling main.cpp...
compiling led.cpp...
compiling keyboard.cpp...
compiling stepper.cpp...
compiling ledInv.cpp...
compiling ledPos.cpp...
linking...
.\ppo.axf: Error: L6200E: Symbol LedInv::On(unsigned char) multiply defined (by ledpos.o and ledinv.o).
".\ppo.axf" - 1 Errors, 0 Warning(s).
Target not created
Rebuild target 'Target 1'
assembling Startup.s...
compiling main.cpp...
compiling led.cpp...
compiling keyboard.cpp...
compiling stepper.cpp...
compiling ledInv.cpp...
compiling ledPos.cpp...
ledPos.cpp(5): error:  #276: name followed by "::" must be a class or namespace name
".\ppo.axf" - 1 Errors, 0 Warning(s).
Target not created
Rebuild target 'Target 1'
assembling Startup.s...
compiling main.cpp...
compiling led.cpp...
compiling keyboard.cpp...
compiling stepper.cpp...
compiling ledInv.cpp...
compiling ledPos.cpp...
linking...
Program Size: Code=1276 RO-data=40 RW-data=0 ZI-data=1256  
".\ppo.axf" - 0 Errors, 0 Warning(s).
Rebuild target 'Target 1'
assembling Startup.s...
compiling main.cpp...
main.cpp(21): error:  #322: object of abstract class type "Led" is not allowed:
            function "Led::On" is a pure virtual function
        Led MyLed;
            ^
main.cpp: 0 warnings, 1 error
compiling led.cpp...
compiling keyboard.cpp...
compiling stepper.cpp...
compiling ledInv.cpp...
ledInv.cpp(7): error:  #20: identifier "LED0_bm" is undefined
ledInv.cpp(7): error:  #20: identifier "LED1_bm" is undefined
ledInv.cpp(7): error:  #20: identifier "LED2_bm" is undefined
ledInv.cpp(7): error:  #20: identifier "LED3_bm" is undefined
compiling ledPos.cpp...
ledPos.cpp(7): error:  #20: identifier "LED0_bm" is undefined
ledPos.cpp(7): error:  #20: identifier "LED1_bm" is undefined
ledPos.cpp(7): error:  #20: identifier "LED2_bm" is undefined
ledPos.cpp(7): error:  #20: identifier "LED3_bm" is undefined
".\ppo.axf" - 9 Errors, 0 Warning(s).
Target not created
Rebuild target 'Target 1'
assembling Startup.s...
compiling main.cpp...
main.cpp(21): error:  #322: object of abstract class type "Led" is not allowed:
            function "Led::On" is a pure virtual function
        Led MyLed;
            ^
main.cpp: 0 warnings, 1 error
compiling led.cpp...
compiling keyboard.cpp...
compiling stepper.cpp...
compiling ledInv.cpp...
compiling ledPos.cpp...
".\ppo.axf" - 1 Errors, 0 Warning(s).
Target not created
Rebuild target 'Target 1'
assembling Startup.s...
compiling main.cpp...
main.cpp(22): error:  #20: identifier "LedPos" is undefined
main.cpp(30): error:  #20: identifier "MyLed" is undefined
compiling led.cpp...
compiling keyboard.cpp...
compiling stepper.cpp...
compiling ledInv.cpp...
compiling ledPos.cpp...
".\ppo.axf" - 2 Errors, 0 Warning(s).
Target not created
Rebuild target 'Target 1'
assembling Startup.s...
compiling main.cpp...
compiling led.cpp...
compiling keyboard.cpp...
compiling stepper.cpp...
compiling ledInv.cpp...
compiling ledPos.cpp...
linking...
Program Size: Code=1472 RO-data=52 RW-data=0 ZI-data=1256  
".\ppo.axf" - 0 Errors, 0 Warning(s).
Rebuild target 'Target 1'
assembling Startup.s...
compiling main.cpp...
compiling led.cpp...
compiling keyboard.cpp...
compiling stepper.cpp...
compiling ledInv.cpp...
compiling ledPos.cpp...
linking...
Program Size: Code=1472 RO-data=52 RW-data=0 ZI-data=1256  
".\ppo.axf" - 0 Errors, 0 Warning(s).
