<html>
<body>
<pre>
<h1>µVision Build Log</h1>
<h2>Project:</h2>
C:\Users\Pawel\Desktop\PPO_AGH\ppo_8f\ppo.uvproj
Project File Date:  04/11/2023

<h2>Output:</h2>
Rebuild target 'Target 1'
assembling Startup.s...
compiling main.cpp...
compiling led.cpp...
compiling keyboard.cpp...
compiling stepper.cpp...
compiling ledInv.cpp...
compiling ledPos.cpp...
linking...
Program Size: Code=1472 RO-data=52 RW-data=0 ZI-data=1256  
".\ppo.axf" - 0 Errors, 0 Warning(s).
Rebuild target 'Target 1'
assembling Startup.s...
compiling main.cpp...
compiling led.cpp...
compiling keyboard.cpp...
compiling stepper.cpp...
compiling ledInv.cpp...
compiling ledPos.cpp...
linking...
Program Size: Code=1472 RO-data=52 RW-data=0 ZI-data=1256  
".\ppo.axf" - 0 Errors, 0 Warning(s).
