<html>
<body>
<pre>
<h1>µVision Build Log</h1>
<h2>Project:</h2>
C:\Users\Pawel\Desktop\PPO_AGH\1\ppo.uvproj
Project File Date:  04/11/2023

<h2>Output:</h2>
Rebuild target 'Target 1'
assembling Startup.s...
compiling main.cpp...
ledInv.h(9): warning:  #1300-D: On inherits implicit virtual
main.cpp(27): error:  #135: class "Stepper" has no member "SetMode"
main.cpp(30): error:  #135: class "Stepper" has no member "SetMode"
compiling led.cpp...
compiling keyboard.cpp...
compiling stepper.cpp...
ledInv.h(9): warning:  #1300-D: On inherits implicit virtual
compiling ledInv.cpp...
ledInv.h(9): warning:  #1300-D: On inherits implicit virtual
".\ppo.axf" - 2 Errors, 3 Warning(s).
Target not created
Rebuild target 'Target 1'
assembling Startup.s...
compiling main.cpp...
ledInv.h(9): warning:  #1300-D: On inherits implicit virtual
main.cpp(27): error:  #167: argument of type "int" is incompatible with parameter of type "Led *"
compiling led.cpp...
compiling keyboard.cpp...
compiling stepper.cpp...
ledInv.h(9): warning:  #1300-D: On inherits implicit virtual
compiling ledInv.cpp...
ledInv.h(9): warning:  #1300-D: On inherits implicit virtual
".\ppo.axf" - 1 Errors, 3 Warning(s).
Target not created
Rebuild target 'Target 1'
assembling Startup.s...
compiling main.cpp...
ledInv.h(9): warning:  #1300-D: On inherits implicit virtual
main.cpp(27): error:  #269-D: conversion to inaccessible base class "Led" is not allowed
compiling led.cpp...
compiling keyboard.cpp...
compiling stepper.cpp...
ledInv.h(9): warning:  #1300-D: On inherits implicit virtual
compiling ledInv.cpp...
ledInv.h(9): warning:  #1300-D: On inherits implicit virtual
".\ppo.axf" - 1 Errors, 3 Warning(s).
Target not created
Rebuild target 'Target 1'
assembling Startup.s...
compiling main.cpp...
ledInv.h(9): warning:  #1300-D: On inherits implicit virtual
main.cpp(27): error:  #269-D: conversion to inaccessible base class "Led" is not allowed
compiling led.cpp...
compiling keyboard.cpp...
compiling stepper.cpp...
ledInv.h(9): warning:  #1300-D: On inherits implicit virtual
compiling ledInv.cpp...
ledInv.h(9): warning:  #1300-D: On inherits implicit virtual
".\ppo.axf" - 1 Errors, 3 Warning(s).
Target not created
Rebuild target 'Target 1'
assembling Startup.s...
compiling main.cpp...
ledInv.h(9): warning:  #1300-D: On inherits implicit virtual
compiling led.cpp...
compiling keyboard.cpp...
compiling stepper.cpp...
ledInv.h(9): warning:  #1300-D: On inherits implicit virtual
compiling ledInv.cpp...
ledInv.h(9): warning:  #1300-D: On inherits implicit virtual
linking...
Program Size: Code=1276 RO-data=40 RW-data=0 ZI-data=1256  
".\ppo.axf" - 0 Errors, 3 Warning(s).
Rebuild target 'Target 1'
assembling Startup.s...
compiling main.cpp...
compiling led.cpp...
compiling keyboard.cpp...
compiling stepper.cpp...
compiling ledInv.cpp...
linking...
Program Size: Code=1276 RO-data=40 RW-data=0 ZI-data=1256  
".\ppo.axf" - 0 Errors, 0 Warning(s).
Rebuild target 'Target 1'
assembling Startup.s...
compiling main.cpp...
main.cpp(27): error:  #269-D: conversion to inaccessible base class "Led" is not allowed
compiling led.cpp...
compiling keyboard.cpp...
compiling stepper.cpp...
compiling ledInv.cpp...
".\ppo.axf" - 1 Errors, 0 Warning(s).
Target not created
Rebuild target 'Target 1'
assembling Startup.s...
compiling main.cpp...
compiling led.cpp...
compiling keyboard.cpp...
compiling stepper.cpp...
compiling ledInv.cpp...
linking...
Program Size: Code=1276 RO-data=40 RW-data=0 ZI-data=1256  
".\ppo.axf" - 0 Errors, 0 Warning(s).
Rebuild target 'Target 1'
assembling Startup.s...
compiling main.cpp...
compiling led.cpp...
compiling keyboard.cpp...
compiling stepper.cpp...
compiling ledInv.cpp...
linking...
Program Size: Code=1092 RO-data=16 RW-data=0 ZI-data=1256  
".\ppo.axf" - 0 Errors, 0 Warning(s).
Rebuild target 'Target 1'
assembling Startup.s...
compiling main.cpp...
compiling led.cpp...
compiling keyboard.cpp...
compiling stepper.cpp...
compiling ledInv.cpp...
linking...
Program Size: Code=1276 RO-data=40 RW-data=0 ZI-data=1256  
".\ppo.axf" - 0 Errors, 0 Warning(s).
Rebuild target 'Target 1'
assembling Startup.s...
compiling main.cpp...
compiling led.cpp...
compiling keyboard.cpp...
compiling stepper.cpp...
compiling ledInv.cpp...
linking...
Program Size: Code=1092 RO-data=16 RW-data=0 ZI-data=1256  
".\ppo.axf" - 0 Errors, 0 Warning(s).
Build target 'Target 1'
compiling main.cpp...
compiling led.cpp...
compiling stepper.cpp...
compiling ledInv.cpp...
linking...
Program Size: Code=1276 RO-data=40 RW-data=0 ZI-data=1256  
".\ppo.axf" - 0 Errors, 0 Warning(s).
Rebuild target 'Target 1'
assembling Startup.s...
compiling main.cpp...
compiling led.cpp...
compiling keyboard.cpp...
compiling stepper.cpp...
compiling ledInv.cpp...
linking...
Program Size: Code=1276 RO-data=40 RW-data=0 ZI-data=1256  
".\ppo.axf" - 0 Errors, 0 Warning(s).
Rebuild target 'Target 1'
assembling Startup.s...
compiling main.cpp...
compiling led.cpp...
compiling keyboard.cpp...
compiling stepper.cpp...
compiling ledInv.cpp...
linking...
Program Size: Code=1276 RO-data=40 RW-data=0 ZI-data=1256  
".\ppo.axf" - 0 Errors, 0 Warning(s).
